// Jest Snapshot v1, https://goo.gl/fbAQLP

exports[`User component renders User 1`] = `
<DocumentFragment>
  <div
    class="User"
  >
    <header>
      <div>
        <form>
          <input
            name="userName"
            value=""
          />
          <button>
            Get User Info
          </button>
        </form>
      </div>
    </header>
    <div
      class="Content"
    >
      <ul />
    </div>
  </div>
</DocumentFragment>
`;
