// Jest Snapshot v1, https://goo.gl/fbAQLP

exports[`App component renders App 1`] = `
<DocumentFragment>
  <div>
    <form>
      <input
        name="userName"
        value=""
      />
      <button>
        Get User Info
      </button>
    </form>
  </div>
  <ol />
</DocumentFragment>
`;
